// Jest Snapshot v1, https://goo.gl/fbAQLP

exports[`render withActiveTabs 1`] = `<div />`;
