// Jest Snapshot v1, https://goo.gl/fbAQLP

exports[`render MovieList 1`] = `
Array [
  <article
    className="small-movie-card catalog__movies-card"
    onMouseEnter={[Function]}
    onMouseLeave={[Function]}
  >
    <div
      className="small-movie-card__image"
      onClick={[Function]}
    >
      <video
        autoPlay={false}
        height="175"
        loop={true}
        muted="muted"
        poster="img/fantastic-beasts-the-crimes-of-grindelwald.jpg"
        preload="none"
        src="https://download.blender.org/durian/trailer/sintel_trailer-480p.mp4"
        width="280"
      />
    </div>
    <h3
      className="small-movie-card__title"
    >
      <a
        className="small-movie-card__link"
        href="movie-page.html"
        onClick={[Function]}
      >
        Fantastic Beasts: The Crimes of Grindelwald
      </a>
    </h3>
  </article>,
  <article
    className="small-movie-card catalog__movies-card"
    onMouseEnter={[Function]}
    onMouseLeave={[Function]}
  >
    <div
      className="small-movie-card__image"
      onClick={[Function]}
    >
      <video
        autoPlay={false}
        height="175"
        loop={true}
        muted="muted"
        poster="img/bohemian-rhapsody.jpg"
        preload="none"
        src="https://download.blender.org/durian/trailer/sintel_trailer-480p.mp4"
        width="280"
      />
    </div>
    <h3
      className="small-movie-card__title"
    >
      <a
        className="small-movie-card__link"
        href="movie-page.html"
        onClick={[Function]}
      >
        Bohemian Rhapsody
      </a>
    </h3>
  </article>,
  <article
    className="small-movie-card catalog__movies-card"
    onMouseEnter={[Function]}
    onMouseLeave={[Function]}
  >
    <div
      className="small-movie-card__image"
      onClick={[Function]}
    >
      <video
        autoPlay={false}
        height="175"
        loop={true}
        muted="muted"
        poster="img/macbeth.jpg"
        preload="none"
        src="https://download.blender.org/durian/trailer/sintel_trailer-480p.mp4"
        width="280"
      />
    </div>
    <h3
      className="small-movie-card__title"
    >
      <a
        className="small-movie-card__link"
        href="movie-page.html"
        onClick={[Function]}
      >
        Macbeth
      </a>
    </h3>
  </article>,
  <article
    className="small-movie-card catalog__movies-card"
    onMouseEnter={[Function]}
    onMouseLeave={[Function]}
  >
    <div
      className="small-movie-card__image"
      onClick={[Function]}
    >
      <video
        autoPlay={false}
        height="175"
        loop={true}
        muted="muted"
        poster="img/aviator.jpg"
        preload="none"
        src="https://download.blender.org/durian/trailer/sintel_trailer-480p.mp4"
        width="280"
      />
    </div>
    <h3
      className="small-movie-card__title"
    >
      <a
        className="small-movie-card__link"
        href="movie-page.html"
        onClick={[Function]}
      >
        Aviator
      </a>
    </h3>
  </article>,
  <article
    className="small-movie-card catalog__movies-card"
    onMouseEnter={[Function]}
    onMouseLeave={[Function]}
  >
    <div
      className="small-movie-card__image"
      onClick={[Function]}
    >
      <video
        autoPlay={false}
        height="175"
        loop={true}
        muted="muted"
        poster="img/we-need-to-talk-about-kevin.jpg"
        preload="none"
        src="https://download.blender.org/durian/trailer/sintel_trailer-480p.mp4"
        width="280"
      />
    </div>
    <h3
      className="small-movie-card__title"
    >
      <a
        className="small-movie-card__link"
        href="movie-page.html"
        onClick={[Function]}
      >
        We need to talk about Kevin
      </a>
    </h3>
  </article>,
  <article
    className="small-movie-card catalog__movies-card"
    onMouseEnter={[Function]}
    onMouseLeave={[Function]}
  >
    <div
      className="small-movie-card__image"
      onClick={[Function]}
    >
      <video
        autoPlay={false}
        height="175"
        loop={true}
        muted="muted"
        poster="img/what-we-do-in-the-shadows.jpg"
        preload="none"
        src="https://download.blender.org/durian/trailer/sintel_trailer-480p.mp4"
        width="280"
      />
    </div>
    <h3
      className="small-movie-card__title"
    >
      <a
        className="small-movie-card__link"
        href="movie-page.html"
        onClick={[Function]}
      >
        What We Do in the Shadows
      </a>
    </h3>
  </article>,
  <article
    className="small-movie-card catalog__movies-card"
    onMouseEnter={[Function]}
    onMouseLeave={[Function]}
  >
    <div
      className="small-movie-card__image"
      onClick={[Function]}
    >
      <video
        autoPlay={false}
        height="175"
        loop={true}
        muted="muted"
        poster="img/revenant.jpg"
        preload="none"
        src="https://download.blender.org/durian/trailer/sintel_trailer-480p.mp4"
        width="280"
      />
    </div>
    <h3
      className="small-movie-card__title"
    >
      <a
        className="small-movie-card__link"
        href="movie-page.html"
        onClick={[Function]}
      >
        Revenant
      </a>
    </h3>
  </article>,
  <article
    className="small-movie-card catalog__movies-card"
    onMouseEnter={[Function]}
    onMouseLeave={[Function]}
  >
    <div
      className="small-movie-card__image"
      onClick={[Function]}
    >
      <video
        autoPlay={false}
        height="175"
        loop={true}
        muted="muted"
        poster="img/johnny-english.jpg"
        preload="none"
        src="https://download.blender.org/durian/trailer/sintel_trailer-480p.mp4"
        width="280"
      />
    </div>
    <h3
      className="small-movie-card__title"
    >
      <a
        className="small-movie-card__link"
        href="movie-page.html"
        onClick={[Function]}
      >
        Johnny English
      </a>
    </h3>
  </article>,
]
`;
