// Jest Snapshot v1, https://goo.gl/fbAQLP

exports[`render MyList 1`] = `
<div
  className="user-page"
>
  <header
    className="page-header user-page__head"
  >
    <div
      className="logo"
    >
      <a
        className="logo__link"
        href="/"
        onClick={[Function]}
      >
        <span
          className="logo__letter logo__letter--1"
        >
          W
        </span>
        <span
          className="logo__letter logo__letter--2"
        >
          T
        </span>
        <span
          className="logo__letter logo__letter--3"
        >
          W
        </span>
      </a>
    </div>
    <h1
      className="page-title user-page__title"
    >
      My list
    </h1>
    <div
      className="user-block"
    >
      <a
        className="user-block__avatar"
        href="/mylist"
        onClick={[Function]}
      >
        <img
          alt="User avatar"
          height="63"
          src="img/avatar.jpg"
          width="63"
        />
      </a>
    </div>
  </header>
  <section
    className="catalog"
  >
    <h2
      className="catalog__title visually-hidden"
    >
      Catalog
    </h2>
    <div
      className="catalog__movies-list"
    >
      <article
        className="small-movie-card catalog__movies-card"
        onMouseEnter={[Function]}
        onMouseLeave={[Function]}
      >
        <a
          className="small-movie-card__image"
          href="/films/1"
          onClick={[Function]}
        >
          <video
            autoPlay={false}
            height="175"
            loop={true}
            poster="img/fantastic-beasts-the-crimes-of-grindelwald.jpg"
            preload="none"
            src="https://download.blender.org/durian/trailer/sintel_trailer-480p.mp4"
            width="280"
          />
        </a>
        <h3
          className="small-movie-card__title"
        >
          <a
            className="small-movie-card__link"
            href="/films/1"
            onClick={[Function]}
          >
            Fantastic Beasts: The Crimes of Grindelwald
          </a>
        </h3>
      </article>
      <article
        className="small-movie-card catalog__movies-card"
        onMouseEnter={[Function]}
        onMouseLeave={[Function]}
      >
        <a
          className="small-movie-card__image"
          href="/films/2"
          onClick={[Function]}
        >
          <video
            autoPlay={false}
            height="175"
            loop={true}
            poster="img/bohemian-rhapsody.jpg"
            preload="none"
            src="https://download.blender.org/durian/trailer/sintel_trailer-480p.mp4"
            width="280"
          />
        </a>
        <h3
          className="small-movie-card__title"
        >
          <a
            className="small-movie-card__link"
            href="/films/2"
            onClick={[Function]}
          >
            Bohemian Rhapsody
          </a>
        </h3>
      </article>
      <article
        className="small-movie-card catalog__movies-card"
        onMouseEnter={[Function]}
        onMouseLeave={[Function]}
      >
        <a
          className="small-movie-card__image"
          href="/films/3"
          onClick={[Function]}
        >
          <video
            autoPlay={false}
            height="175"
            loop={true}
            poster="img/macbeth.jpg"
            preload="none"
            src="https://download.blender.org/durian/trailer/sintel_trailer-480p.mp4"
            width="280"
          />
        </a>
        <h3
          className="small-movie-card__title"
        >
          <a
            className="small-movie-card__link"
            href="/films/3"
            onClick={[Function]}
          >
            Macbeth
          </a>
        </h3>
      </article>
      <article
        className="small-movie-card catalog__movies-card"
        onMouseEnter={[Function]}
        onMouseLeave={[Function]}
      >
        <a
          className="small-movie-card__image"
          href="/films/4"
          onClick={[Function]}
        >
          <video
            autoPlay={false}
            height="175"
            loop={true}
            poster="img/aviator.jpg"
            preload="none"
            src="https://download.blender.org/durian/trailer/sintel_trailer-480p.mp4"
            width="280"
          />
        </a>
        <h3
          className="small-movie-card__title"
        >
          <a
            className="small-movie-card__link"
            href="/films/4"
            onClick={[Function]}
          >
            Aviator
          </a>
        </h3>
      </article>
      <article
        className="small-movie-card catalog__movies-card"
        onMouseEnter={[Function]}
        onMouseLeave={[Function]}
      >
        <a
          className="small-movie-card__image"
          href="/films/5"
          onClick={[Function]}
        >
          <video
            autoPlay={false}
            height="175"
            loop={true}
            poster="img/we-need-to-talk-about-kevin.jpg"
            preload="none"
            src="https://download.blender.org/durian/trailer/sintel_trailer-480p.mp4"
            width="280"
          />
        </a>
        <h3
          className="small-movie-card__title"
        >
          <a
            className="small-movie-card__link"
            href="/films/5"
            onClick={[Function]}
          >
            We need to talk about Kevin
          </a>
        </h3>
      </article>
      <article
        className="small-movie-card catalog__movies-card"
        onMouseEnter={[Function]}
        onMouseLeave={[Function]}
      >
        <a
          className="small-movie-card__image"
          href="/films/6"
          onClick={[Function]}
        >
          <video
            autoPlay={false}
            height="175"
            loop={true}
            poster="img/what-we-do-in-the-shadows.jpg"
            preload="none"
            src="https://download.blender.org/durian/trailer/sintel_trailer-480p.mp4"
            width="280"
          />
        </a>
        <h3
          className="small-movie-card__title"
        >
          <a
            className="small-movie-card__link"
            href="/films/6"
            onClick={[Function]}
          >
            What We Do in the Shadows
          </a>
        </h3>
      </article>
      <article
        className="small-movie-card catalog__movies-card"
        onMouseEnter={[Function]}
        onMouseLeave={[Function]}
      >
        <a
          className="small-movie-card__image"
          href="/films/7"
          onClick={[Function]}
        >
          <video
            autoPlay={false}
            height="175"
            loop={true}
            poster="img/revenant.jpg"
            preload="none"
            src="https://download.blender.org/durian/trailer/sintel_trailer-480p.mp4"
            width="280"
          />
        </a>
        <h3
          className="small-movie-card__title"
        >
          <a
            className="small-movie-card__link"
            href="/films/7"
            onClick={[Function]}
          >
            Revenant
          </a>
        </h3>
      </article>
      <article
        className="small-movie-card catalog__movies-card"
        onMouseEnter={[Function]}
        onMouseLeave={[Function]}
      >
        <a
          className="small-movie-card__image"
          href="/films/8"
          onClick={[Function]}
        >
          <video
            autoPlay={false}
            height="175"
            loop={true}
            poster="img/johnny-english.jpg"
            preload="none"
            src="https://download.blender.org/durian/trailer/sintel_trailer-480p.mp4"
            width="280"
          />
        </a>
        <h3
          className="small-movie-card__title"
        >
          <a
            className="small-movie-card__link"
            href="/films/8"
            onClick={[Function]}
          >
            Johnny English
          </a>
        </h3>
      </article>
    </div>
  </section>
  <footer
    className="page-footer"
  >
    <div
      className="logo"
    >
      <a
        className="logo__link logo__link--light"
        href="main.html"
      >
        <span
          className="logo__letter logo__letter--1"
        >
          W
        </span>
        <span
          className="logo__letter logo__letter--2"
        >
          T
        </span>
        <span
          className="logo__letter logo__letter--3"
        >
          W
        </span>
      </a>
    </div>
    <div
      className="copyright"
    >
      <p>
        Â© 2019 What to watch Ltd.
      </p>
    </div>
  </footer>
</div>
`;
