// Jest Snapshot v1, https://goo.gl/fbAQLP

exports[`render withPlayer 1`] = `
<div>
  <video
    autoPlay={true}
    className="player__video"
    loop={false}
    poster="img/fantastic-beasts-the-crimes-of-grindelwald.jpg"
    src="https://download.blender.org/durian/trailer/sintel_trailer-480p.mp4"
  />
</div>
`;
