// Jest Snapshot v1, https://goo.gl/fbAQLP

exports[`render withActiveItem 1`] = `<div />`;
